// Jest Snapshot v1, https://goo.gl/fbAQLP

exports[`find-missing-traits should find missing traits 1`] = `
[
  {
    "key": "Background",
    "value": "Red",
  },
  {
    "key": "Background",
    "value": "Blue",
  },
  {
    "key": "Eyes",
    "value": "Green",
  },
]
`;
