// Jest Snapshot v1, https://goo.gl/fbAQLP

exports[`find-common-traits should find common traits 1`] = `
[
  {
    "common": 4,
    "id": "red-white-oval-black",
    "items": [
      {
        "collectionId": "items",
        "id": "item-6",
        "name": "Item 6",
        "traits": [
          {
            "key": "Background",
            "value": "Red",
          },
          {
            "key": "Foreground",
            "value": "White",
          },
          {
            "key": "Shape",
            "value": "Oval",
          },
          {
            "key": "Border",
            "value": "Black",
          },
        ],
      },
      {
        "collectionId": "items",
        "id": "item-7",
        "name": "Item 7",
        "traits": [
          {
            "key": "Background",
            "value": "Red",
          },
          {
            "key": "Foreground",
            "value": "White",
          },
          {
            "key": "Shape",
            "value": "Oval",
          },
          {
            "key": "Border",
            "value": "Black",
          },
        ],
      },
    ],
    "traits": [
      {
        "key": "Background",
        "value": "Red",
      },
      {
        "key": "Foreground",
        "value": "White",
      },
      {
        "key": "Shape",
        "value": "Oval",
      },
      {
        "key": "Border",
        "value": "Black",
      },
    ],
  },
  {
    "common": 2,
    "id": "red-white",
    "items": [
      {
        "collectionId": "items",
        "id": "item-3",
        "name": "Item 3",
        "traits": [
          {
            "key": "Background",
            "value": "Red",
          },
          {
            "key": "Foreground",
            "value": "White",
          },
          {
            "key": "Shape",
            "value": "Square",
          },
        ],
      },
      {
        "collectionId": "items",
        "id": "item-4",
        "name": "Item 4",
        "traits": [
          {
            "key": "Background",
            "value": "Red",
          },
          {
            "key": "Foreground",
            "value": "White",
          },
          {
            "key": "Shape",
            "value": "Circle",
          },
        ],
      },
      {
        "collectionId": "items",
        "id": "item-5",
        "name": "Item 5",
        "traits": [
          {
            "key": "Background",
            "value": "Red",
          },
          {
            "key": "Foreground",
            "value": "White",
          },
          {
            "key": "Shape",
            "value": "Triangle",
          },
        ],
      },
    ],
    "traits": [
      {
        "key": "Background",
        "value": "Red",
      },
      {
        "key": "Foreground",
        "value": "White",
      },
    ],
  },
]
`;

exports[`find-common-traits should work with another example 1`] = `
[
  {
    "common": 2,
    "id": "1-2",
    "items": [
      {
        "collectionId": "c1",
        "id": "id3",
        "name": "3",
        "traits": [
          {
            "key": "a",
            "value": "1",
          },
          {
            "key": "b",
            "value": "2",
          },
          {
            "key": "c",
            "value": "3",
          },
          {
            "key": "d",
            "value": "X",
          },
        ],
      },
      {
        "collectionId": "c1",
        "id": "id4",
        "name": "4",
        "traits": [
          {
            "key": "a",
            "value": "1",
          },
          {
            "key": "b",
            "value": "2",
          },
          {
            "key": "c",
            "value": "4",
          },
          {
            "key": "d",
            "value": "X",
          },
        ],
      },
    ],
    "traits": [
      {
        "key": "a",
        "value": "1",
      },
      {
        "key": "b",
        "value": "2",
      },
    ],
  },
]
`;
